{
  "nodes": [
    {
      "parameters": {},
      "id": "1",
      "name": "HTTP",
      "type": "n8n-nodes-base.noOp",
      "typeVersion": 1,
      "position": [
        100,
        100
      ]
    },
    {
      "parameters": {},
      "id": "2",
      "name": "JSON",
      "type": "n8n-nodes-base.noOp",
      "typeVersion": 1,
      "position": [
        300,
        100
      ]
    },
    {
      "parameters": {},
      "id": "3",
      "name": "Tools",
      "type": "n8n-nodes-base.noOp",
      "typeVersion": 1,
      "position": [
        500,
        100
      ]
    }
  ],
  "connections": {}
}